thread 'main' panicked at 'Miri panic!', $DIR/panic1.rs:2:5
