thread 'main' panicked at 'Miri panic with value: Value', $DIR/panic2.rs:3:5
